// Jest Snapshot v1, https://goo.gl/fbAQLP

exports[`IntegerPosition throw execption for x with decimal value 1`] = `"not an integer value"`;

exports[`IntegerPosition throw execption for y with decimal value 1`] = `"not an integer value"`;
