// Jest Snapshot v1, https://goo.gl/fbAQLP

exports[`Pattern get width and height 1`] = `
OOX
OOO
OOO
XOO
`;

exports[`Pattern mirrorHorizontal simple 1`] = `
XO
XO
XO
`;

exports[`Pattern mirrorHorizontal simple 2`] = `
OX
OX
OX
`;

exports[`Pattern mirrorVertical simple 1`] = `
XXX
OOO
`;

exports[`Pattern mirrorVertical simple 2`] = `
OOO
XXX
`;

exports[`Pattern rotate 1`] = `
XOO
XXX
`;

exports[`Pattern rotate 2`] = `
OX
OX
XX
`;

exports[`Pattern rotate 3`] = `
XXX
OOX
`;

exports[`Pattern rotate 4`] = `
XX
XO
XO
`;

exports[`Pattern rotate 5`] = `
XOO
XXX
`;

exports[`Pattern toArray 1`] = `
Array [
  Array [
    1,
    1,
    1,
  ],
  Array [
    0,
    0,
    1,
  ],
  Array [
    0,
    1,
    0,
  ],
]
`;

exports[`Pattern toString 1`] = `
"!Name: Glider
.O.
..O
OOO"
`;
